[0.010s] Invoking command in '/home/tadtawan/MiniCarver/build/Tranform_Robot': CMAKE_PREFIX_PATH=${CMAKE_PREFIX_PATH}:/home/tadtawan/fra532_lecture5_ws/install/mir_driver:/home/tadtawan/fra532_lecture5_ws/install/twist_stamper:/home/tadtawan/fra532_lecture5_ws/install/mir_restapi:/opt/ros/humble /usr/bin/cmake --build /home/tadtawan/MiniCarver/build/Tranform_Robot -- -j16 -l16
[0.026s] -- Found ament_cmake: 1.3.11 (/opt/ros/humble/share/ament_cmake/cmake)
[0.110s] -- Found rclcpp: 16.0.11 (/opt/ros/humble/share/rclcpp/cmake)
[0.127s] -- Found rosidl_generator_c: 3.1.6 (/opt/ros/humble/share/rosidl_generator_c/cmake)
[0.129s] -- Found rosidl_adapter: 3.1.6 (/opt/ros/humble/share/rosidl_adapter/cmake)
[0.132s] -- Found rosidl_generator_cpp: 3.1.6 (/opt/ros/humble/share/rosidl_generator_cpp/cmake)
[0.141s] -- Using all available rosidl_typesupport_c: rosidl_typesupport_fastrtps_c;rosidl_typesupport_introspection_c
[0.151s] -- Using all available rosidl_typesupport_cpp: rosidl_typesupport_fastrtps_cpp;rosidl_typesupport_introspection_cpp
[0.171s] -- Found rmw_implementation_cmake: 6.1.2 (/opt/ros/humble/share/rmw_implementation_cmake/cmake)
[0.172s] -- Found rmw_fastrtps_cpp: 6.2.7 (/opt/ros/humble/share/rmw_fastrtps_cpp/cmake)
[0.239s] -- Using RMW implementation 'rmw_fastrtps_cpp' as default
[0.268s] -- Found rclpy: 3.3.15 (/opt/ros/humble/share/rclpy/cmake)
[0.308s] WARNING: Package name "Tranform_Robot" does not follow the naming conventions. It should start with a lower case letter and only contain lower case letters, digits, underscores, and dashes.
[0.348s] WARNING: Package name "Tranform_Robot" does not follow the naming conventions. It should start with a lower case letter and only contain lower case letters, digits, underscores, and dashes.
[0.354s] -- Configuring done
[0.359s] -- Generating done
[0.361s] -- Build files have been written to: /home/tadtawan/MiniCarver/build/Tranform_Robot
[0.378s] [35m[1mConsolidate compiler generated dependencies of target cpp_node_test[0m
[0.388s] [100%] Built target cpp_node_test
[0.392s] [100%] Built target ament_cmake_python_copy_Tranform_Robot
[0.549s] running egg_info
[0.550s] writing Tranform_Robot.egg-info/PKG-INFO
[0.550s] writing dependency_links to Tranform_Robot.egg-info/dependency_links.txt
[0.550s] writing top-level names to Tranform_Robot.egg-info/top_level.txt
[0.552s] reading manifest file 'Tranform_Robot.egg-info/SOURCES.txt'
[0.552s] writing manifest file 'Tranform_Robot.egg-info/SOURCES.txt'
[0.568s] [100%] Built target ament_cmake_python_build_Tranform_Robot_egg
[0.575s] Invoked command in '/home/tadtawan/MiniCarver/build/Tranform_Robot' returned '0': CMAKE_PREFIX_PATH=${CMAKE_PREFIX_PATH}:/home/tadtawan/fra532_lecture5_ws/install/mir_driver:/home/tadtawan/fra532_lecture5_ws/install/twist_stamper:/home/tadtawan/fra532_lecture5_ws/install/mir_restapi:/opt/ros/humble /usr/bin/cmake --build /home/tadtawan/MiniCarver/build/Tranform_Robot -- -j16 -l16
[0.581s] Invoking command in '/home/tadtawan/MiniCarver/build/Tranform_Robot': CMAKE_PREFIX_PATH=${CMAKE_PREFIX_PATH}:/home/tadtawan/fra532_lecture5_ws/install/mir_driver:/home/tadtawan/fra532_lecture5_ws/install/twist_stamper:/home/tadtawan/fra532_lecture5_ws/install/mir_restapi:/opt/ros/humble /usr/bin/cmake --install /home/tadtawan/MiniCarver/build/Tranform_Robot
[0.586s] -- Install configuration: ""
[0.586s] -- Up-to-date: /home/tadtawan/MiniCarver/install/Tranform_Robot/share/Tranform_Robot/environment/pythonpath.sh
[0.586s] -- Installing: /home/tadtawan/MiniCarver/install/Tranform_Robot/share/Tranform_Robot/environment/pythonpath.dsv
[0.586s] -- Up-to-date: /home/tadtawan/MiniCarver/install/Tranform_Robot/local/lib/python3.10/dist-packages/Tranform_Robot-0.0.0-py3.10.egg-info
[0.586s] -- Installing: /home/tadtawan/MiniCarver/install/Tranform_Robot/local/lib/python3.10/dist-packages/Tranform_Robot-0.0.0-py3.10.egg-info/top_level.txt
[0.586s] -- Installing: /home/tadtawan/MiniCarver/install/Tranform_Robot/local/lib/python3.10/dist-packages/Tranform_Robot-0.0.0-py3.10.egg-info/dependency_links.txt
[0.586s] -- Installing: /home/tadtawan/MiniCarver/install/Tranform_Robot/local/lib/python3.10/dist-packages/Tranform_Robot-0.0.0-py3.10.egg-info/SOURCES.txt
[0.586s] -- Installing: /home/tadtawan/MiniCarver/install/Tranform_Robot/local/lib/python3.10/dist-packages/Tranform_Robot-0.0.0-py3.10.egg-info/PKG-INFO
[0.586s] -- Up-to-date: /home/tadtawan/MiniCarver/install/Tranform_Robot/local/lib/python3.10/dist-packages/Tranform_Robot
[0.586s] -- Up-to-date: /home/tadtawan/MiniCarver/install/Tranform_Robot/local/lib/python3.10/dist-packages/Tranform_Robot/__init__.py
[0.586s] -- Up-to-date: /home/tadtawan/MiniCarver/install/Tranform_Robot/local/lib/python3.10/dist-packages/Tranform_Robot/dummy_module.py
[0.609s] Listing '/home/tadtawan/MiniCarver/install/Tranform_Robot/local/lib/python3.10/dist-packages/Tranform_Robot'...
[0.612s] -- Up-to-date: /home/tadtawan/MiniCarver/install/Tranform_Robot/lib/Tranform_Robot/dummy_script.py
[0.612s] -- Installing: /home/tadtawan/MiniCarver/install/Tranform_Robot/lib/Tranform_Robot/tranform_robot.py
[0.612s] -- Up-to-date: /home/tadtawan/MiniCarver/install/Tranform_Robot/lib/Tranform_Robot/cpp_node_test
[0.612s] -- Up-to-date: /home/tadtawan/MiniCarver/install/Tranform_Robot/share/Tranform_Robot
[0.612s] -- Up-to-date: /home/tadtawan/MiniCarver/install/Tranform_Robot/share/ament_index/resource_index/package_run_dependencies/Tranform_Robot
[0.612s] -- Installing: /home/tadtawan/MiniCarver/install/Tranform_Robot/share/ament_index/resource_index/parent_prefix_path/Tranform_Robot
[0.612s] -- Up-to-date: /home/tadtawan/MiniCarver/install/Tranform_Robot/share/Tranform_Robot/environment/ament_prefix_path.sh
[0.612s] -- Installing: /home/tadtawan/MiniCarver/install/Tranform_Robot/share/Tranform_Robot/environment/ament_prefix_path.dsv
[0.612s] -- Up-to-date: /home/tadtawan/MiniCarver/install/Tranform_Robot/share/Tranform_Robot/environment/path.sh
[0.612s] -- Installing: /home/tadtawan/MiniCarver/install/Tranform_Robot/share/Tranform_Robot/environment/path.dsv
[0.612s] -- Up-to-date: /home/tadtawan/MiniCarver/install/Tranform_Robot/share/Tranform_Robot/local_setup.bash
[0.612s] -- Up-to-date: /home/tadtawan/MiniCarver/install/Tranform_Robot/share/Tranform_Robot/local_setup.sh
[0.612s] -- Up-to-date: /home/tadtawan/MiniCarver/install/Tranform_Robot/share/Tranform_Robot/local_setup.zsh
[0.612s] -- Installing: /home/tadtawan/MiniCarver/install/Tranform_Robot/share/Tranform_Robot/local_setup.dsv
[0.612s] -- Installing: /home/tadtawan/MiniCarver/install/Tranform_Robot/share/Tranform_Robot/package.dsv
[0.613s] -- Up-to-date: /home/tadtawan/MiniCarver/install/Tranform_Robot/share/ament_index/resource_index/packages/Tranform_Robot
[0.613s] -- Up-to-date: /home/tadtawan/MiniCarver/install/Tranform_Robot/share/Tranform_Robot/cmake/Tranform_RobotConfig.cmake
[0.613s] -- Up-to-date: /home/tadtawan/MiniCarver/install/Tranform_Robot/share/Tranform_Robot/cmake/Tranform_RobotConfig-version.cmake
[0.613s] -- Up-to-date: /home/tadtawan/MiniCarver/install/Tranform_Robot/share/Tranform_Robot/package.xml
[0.614s] Invoked command in '/home/tadtawan/MiniCarver/build/Tranform_Robot' returned '0': CMAKE_PREFIX_PATH=${CMAKE_PREFIX_PATH}:/home/tadtawan/fra532_lecture5_ws/install/mir_driver:/home/tadtawan/fra532_lecture5_ws/install/twist_stamper:/home/tadtawan/fra532_lecture5_ws/install/mir_restapi:/opt/ros/humble /usr/bin/cmake --install /home/tadtawan/MiniCarver/build/Tranform_Robot
