-- The C compiler identification is GNU 11.4.0
-- The CXX compiler identification is GNU 11.4.0
-- Detecting C compiler ABI info
-- Detecting C compiler ABI info - done
-- Check for working C compiler: /usr/bin/cc - skipped
-- Detecting C compile features
-- Detecting C compile features - done
-- Detecting CXX compiler ABI info
-- Detecting CXX compiler ABI info - done
-- Check for working CXX compiler: /usr/bin/c++ - skipped
-- Detecting CXX compile features
-- Detecting CXX compile features - done
-- Found ament_cmake: 1.3.11 (/opt/ros/humble/share/ament_cmake/cmake)
-- Found Python3: /usr/bin/python3 (found version "3.10.12") found components: Interpreter 
-- Found rclcpp: 16.0.11 (/opt/ros/humble/share/rclcpp/cmake)
-- Found rosidl_generator_c: 3.1.6 (/opt/ros/humble/share/rosidl_generator_c/cmake)
-- Found rosidl_adapter: 3.1.6 (/opt/ros/humble/share/rosidl_adapter/cmake)
-- Found rosidl_generator_cpp: 3.1.6 (/opt/ros/humble/share/rosidl_generator_cpp/cmake)
-- Using all available rosidl_typesupport_c: rosidl_typesupport_fastrtps_c;rosidl_typesupport_introspection_c
-- Using all available rosidl_typesupport_cpp: rosidl_typesupport_fastrtps_cpp;rosidl_typesupport_introspection_cpp
-- Found rmw_implementation_cmake: 6.1.2 (/opt/ros/humble/share/rmw_implementation_cmake/cmake)
-- Found rmw_fastrtps_cpp: 6.2.7 (/opt/ros/humble/share/rmw_fastrtps_cpp/cmake)
-- Found OpenSSL: /usr/lib/x86_64-linux-gnu/libcrypto.so (found version "3.0.2")  
-- Found FastRTPS: /opt/ros/humble/include  
-- Using RMW implementation 'rmw_fastrtps_cpp' as default
-- Looking for pthread.h
-- Looking for pthread.h - found
-- Performing Test CMAKE_HAVE_LIBC_PTHREAD
-- Performing Test CMAKE_HAVE_LIBC_PTHREAD - Success
-- Found Threads: TRUE  
-- Found rclpy: 3.3.15 (/opt/ros/humble/share/rclpy/cmake)
-- Configuring done
-- Generating done
-- Build files have been written to: /home/tadtawan/MiniCarver/build/Tranform_Robot
[ 50%] [32mBuilding CXX object CMakeFiles/cpp_node_test.dir/src/cpp_node.cpp.o[0m
[ 50%] Built target ament_cmake_python_copy_Tranform_Robot
running egg_info
creating Tranform_Robot.egg-info
writing Tranform_Robot.egg-info/PKG-INFO
writing dependency_links to Tranform_Robot.egg-info/dependency_links.txt
writing top-level names to Tranform_Robot.egg-info/top_level.txt
writing manifest file 'Tranform_Robot.egg-info/SOURCES.txt'
reading manifest file 'Tranform_Robot.egg-info/SOURCES.txt'
writing manifest file 'Tranform_Robot.egg-info/SOURCES.txt'
[ 50%] Built target ament_cmake_python_build_Tranform_Robot_egg
[100%] [32m[1mLinking CXX executable cpp_node_test[0m
[100%] Built target cpp_node_test
-- Install configuration: ""
-- Installing: /home/tadtawan/MiniCarver/install/Tranform_Robot/share/Tranform_Robot/environment/pythonpath.sh
-- Installing: /home/tadtawan/MiniCarver/install/Tranform_Robot/share/Tranform_Robot/environment/pythonpath.dsv
-- Installing: /home/tadtawan/MiniCarver/install/Tranform_Robot/local/lib/python3.10/dist-packages/Tranform_Robot-0.0.0-py3.10.egg-info
-- Installing: /home/tadtawan/MiniCarver/install/Tranform_Robot/local/lib/python3.10/dist-packages/Tranform_Robot-0.0.0-py3.10.egg-info/top_level.txt
-- Installing: /home/tadtawan/MiniCarver/install/Tranform_Robot/local/lib/python3.10/dist-packages/Tranform_Robot-0.0.0-py3.10.egg-info/dependency_links.txt
-- Installing: /home/tadtawan/MiniCarver/install/Tranform_Robot/local/lib/python3.10/dist-packages/Tranform_Robot-0.0.0-py3.10.egg-info/SOURCES.txt
-- Installing: /home/tadtawan/MiniCarver/install/Tranform_Robot/local/lib/python3.10/dist-packages/Tranform_Robot-0.0.0-py3.10.egg-info/PKG-INFO
-- Installing: /home/tadtawan/MiniCarver/install/Tranform_Robot/local/lib/python3.10/dist-packages/Tranform_Robot
-- Installing: /home/tadtawan/MiniCarver/install/Tranform_Robot/local/lib/python3.10/dist-packages/Tranform_Robot/__init__.py
-- Installing: /home/tadtawan/MiniCarver/install/Tranform_Robot/local/lib/python3.10/dist-packages/Tranform_Robot/dummy_module.py
Listing '/home/tadtawan/MiniCarver/install/Tranform_Robot/local/lib/python3.10/dist-packages/Tranform_Robot'...
Compiling '/home/tadtawan/MiniCarver/install/Tranform_Robot/local/lib/python3.10/dist-packages/Tranform_Robot/__init__.py'...
Compiling '/home/tadtawan/MiniCarver/install/Tranform_Robot/local/lib/python3.10/dist-packages/Tranform_Robot/dummy_module.py'...
-- Installing: /home/tadtawan/MiniCarver/install/Tranform_Robot/lib/Tranform_Robot/dummy_script.py
-- Installing: /home/tadtawan/MiniCarver/install/Tranform_Robot/lib/Tranform_Robot/cpp_node_test
-- Set runtime path of "/home/tadtawan/MiniCarver/install/Tranform_Robot/lib/Tranform_Robot/cpp_node_test" to ""
-- Up-to-date: /home/tadtawan/MiniCarver/install/Tranform_Robot/share/Tranform_Robot
-- Installing: /home/tadtawan/MiniCarver/install/Tranform_Robot/share/ament_index/resource_index/package_run_dependencies/Tranform_Robot
-- Installing: /home/tadtawan/MiniCarver/install/Tranform_Robot/share/ament_index/resource_index/parent_prefix_path/Tranform_Robot
-- Installing: /home/tadtawan/MiniCarver/install/Tranform_Robot/share/Tranform_Robot/environment/ament_prefix_path.sh
-- Installing: /home/tadtawan/MiniCarver/install/Tranform_Robot/share/Tranform_Robot/environment/ament_prefix_path.dsv
-- Installing: /home/tadtawan/MiniCarver/install/Tranform_Robot/share/Tranform_Robot/environment/path.sh
-- Installing: /home/tadtawan/MiniCarver/install/Tranform_Robot/share/Tranform_Robot/environment/path.dsv
-- Installing: /home/tadtawan/MiniCarver/install/Tranform_Robot/share/Tranform_Robot/local_setup.bash
-- Installing: /home/tadtawan/MiniCarver/install/Tranform_Robot/share/Tranform_Robot/local_setup.sh
-- Installing: /home/tadtawan/MiniCarver/install/Tranform_Robot/share/Tranform_Robot/local_setup.zsh
-- Installing: /home/tadtawan/MiniCarver/install/Tranform_Robot/share/Tranform_Robot/local_setup.dsv
-- Installing: /home/tadtawan/MiniCarver/install/Tranform_Robot/share/Tranform_Robot/package.dsv
-- Installing: /home/tadtawan/MiniCarver/install/Tranform_Robot/share/ament_index/resource_index/packages/Tranform_Robot
-- Installing: /home/tadtawan/MiniCarver/install/Tranform_Robot/share/Tranform_Robot/cmake/Tranform_RobotConfig.cmake
-- Installing: /home/tadtawan/MiniCarver/install/Tranform_Robot/share/Tranform_Robot/cmake/Tranform_RobotConfig-version.cmake
-- Installing: /home/tadtawan/MiniCarver/install/Tranform_Robot/share/Tranform_Robot/package.xml
