[0.068s] DEBUG:colcon:Command line arguments: ['/usr/bin/colcon', 'build', '--packages-select', 'Tranform_Robot']
[0.068s] DEBUG:colcon:Parsed command line arguments: Namespace(log_base=None, log_level=None, verb_name='build', build_base='build', install_base='install', merge_install=False, symlink_install=False, test_result_base=None, continue_on_error=False, executor='parallel', parallel_workers=16, event_handlers=None, ignore_user_meta=False, metas=['./colcon.meta'], base_paths=['.'], packages_ignore=None, packages_ignore_regex=None, paths=None, packages_up_to=None, packages_up_to_regex=None, packages_above=None, packages_above_and_dependencies=None, packages_above_depth=None, packages_select_by_dep=None, packages_skip_by_dep=None, packages_skip_up_to=None, packages_select_build_failed=False, packages_skip_build_finished=False, packages_select_test_failures=False, packages_skip_test_passed=False, packages_select=['Tranform_Robot'], packages_skip=None, packages_select_regex=None, packages_skip_regex=None, packages_start=None, packages_end=None, allow_overriding=[], cmake_args=None, cmake_target=None, cmake_target_skip_unavailable=False, cmake_clean_cache=False, cmake_clean_first=False, cmake_force_configure=False, ament_cmake_args=None, catkin_cmake_args=None, catkin_skip_building_tests=False, mixin_files=None, mixin=None, verb_parser=<colcon_mixin.mixin.mixin_argument.MixinArgumentDecorator object at 0x727f814cb9d0>, verb_extension=<colcon_core.verb.build.BuildVerb object at 0x727f814cb520>, main=<bound method BuildVerb.main of <colcon_core.verb.build.BuildVerb object at 0x727f814cb520>>, mixin_verb=('build',))
[0.181s] Level 1:colcon.colcon_core.package_discovery:discover_packages(colcon_meta) check parameters
[0.182s] Level 1:colcon.colcon_core.package_discovery:discover_packages(recursive) check parameters
[0.182s] Level 1:colcon.colcon_core.package_discovery:discover_packages(ignore) check parameters
[0.182s] Level 1:colcon.colcon_core.package_discovery:discover_packages(path) check parameters
[0.182s] Level 1:colcon.colcon_core.package_discovery:discover_packages(colcon_meta) discover
[0.182s] Level 1:colcon.colcon_core.package_discovery:discover_packages(recursive) discover
[0.182s] INFO:colcon.colcon_core.package_discovery:Crawling recursively for packages in '/home/tadtawan/MiniCarver'
[0.182s] Level 1:colcon.colcon_core.package_identification:_identify(.) by extensions ['ignore', 'ignore_ament_install']
[0.182s] Level 1:colcon.colcon_core.package_identification:_identify(.) by extension 'ignore'
[0.182s] Level 1:colcon.colcon_core.package_identification:_identify(.) by extension 'ignore_ament_install'
[0.182s] Level 1:colcon.colcon_core.package_identification:_identify(.) by extensions ['colcon_pkg']
[0.182s] Level 1:colcon.colcon_core.package_identification:_identify(.) by extension 'colcon_pkg'
[0.182s] Level 1:colcon.colcon_core.package_identification:_identify(.) by extensions ['colcon_meta']
[0.182s] Level 1:colcon.colcon_core.package_identification:_identify(.) by extension 'colcon_meta'
[0.182s] Level 1:colcon.colcon_core.package_identification:_identify(.) by extensions ['ros']
[0.182s] Level 1:colcon.colcon_core.package_identification:_identify(.) by extension 'ros'
[0.190s] Level 1:colcon.colcon_core.package_identification:_identify(.) by extensions ['cmake', 'python']
[0.190s] Level 1:colcon.colcon_core.package_identification:_identify(.) by extension 'cmake'
[0.190s] Level 1:colcon.colcon_core.package_identification:_identify(.) by extension 'python'
[0.190s] Level 1:colcon.colcon_core.package_identification:_identify(.) by extensions ['python_setup_py']
[0.190s] Level 1:colcon.colcon_core.package_identification:_identify(.) by extension 'python_setup_py'
[0.190s] Level 1:colcon.colcon_core.package_identification:_identify(build) by extensions ['ignore', 'ignore_ament_install']
[0.190s] Level 1:colcon.colcon_core.package_identification:_identify(build) by extension 'ignore'
[0.190s] Level 1:colcon.colcon_core.package_identification:_identify(build) ignored
[0.190s] Level 1:colcon.colcon_core.package_identification:_identify(install) by extensions ['ignore', 'ignore_ament_install']
[0.190s] Level 1:colcon.colcon_core.package_identification:_identify(install) by extension 'ignore'
[0.190s] Level 1:colcon.colcon_core.package_identification:_identify(install) ignored
[0.190s] Level 1:colcon.colcon_core.package_identification:_identify(log) by extensions ['ignore', 'ignore_ament_install']
[0.190s] Level 1:colcon.colcon_core.package_identification:_identify(log) by extension 'ignore'
[0.190s] Level 1:colcon.colcon_core.package_identification:_identify(log) ignored
[0.190s] Level 1:colcon.colcon_core.package_identification:_identify(src) by extensions ['ignore', 'ignore_ament_install']
[0.190s] Level 1:colcon.colcon_core.package_identification:_identify(src) by extension 'ignore'
[0.190s] Level 1:colcon.colcon_core.package_identification:_identify(src) by extension 'ignore_ament_install'
[0.190s] Level 1:colcon.colcon_core.package_identification:_identify(src) by extensions ['colcon_pkg']
[0.190s] Level 1:colcon.colcon_core.package_identification:_identify(src) by extension 'colcon_pkg'
[0.190s] Level 1:colcon.colcon_core.package_identification:_identify(src) by extensions ['colcon_meta']
[0.190s] Level 1:colcon.colcon_core.package_identification:_identify(src) by extension 'colcon_meta'
[0.190s] Level 1:colcon.colcon_core.package_identification:_identify(src) by extensions ['ros']
[0.190s] Level 1:colcon.colcon_core.package_identification:_identify(src) by extension 'ros'
[0.190s] Level 1:colcon.colcon_core.package_identification:_identify(src) by extensions ['cmake', 'python']
[0.190s] Level 1:colcon.colcon_core.package_identification:_identify(src) by extension 'cmake'
[0.190s] Level 1:colcon.colcon_core.package_identification:_identify(src) by extension 'python'
[0.191s] Level 1:colcon.colcon_core.package_identification:_identify(src) by extensions ['python_setup_py']
[0.191s] Level 1:colcon.colcon_core.package_identification:_identify(src) by extension 'python_setup_py'
[0.191s] Level 1:colcon.colcon_core.package_identification:_identify(src/Tranform_Robot) by extensions ['ignore', 'ignore_ament_install']
[0.191s] Level 1:colcon.colcon_core.package_identification:_identify(src/Tranform_Robot) by extension 'ignore'
[0.191s] Level 1:colcon.colcon_core.package_identification:_identify(src/Tranform_Robot) by extension 'ignore_ament_install'
[0.191s] Level 1:colcon.colcon_core.package_identification:_identify(src/Tranform_Robot) by extensions ['colcon_pkg']
[0.191s] Level 1:colcon.colcon_core.package_identification:_identify(src/Tranform_Robot) by extension 'colcon_pkg'
[0.191s] Level 1:colcon.colcon_core.package_identification:_identify(src/Tranform_Robot) by extensions ['colcon_meta']
[0.191s] Level 1:colcon.colcon_core.package_identification:_identify(src/Tranform_Robot) by extension 'colcon_meta'
[0.191s] Level 1:colcon.colcon_core.package_identification:_identify(src/Tranform_Robot) by extensions ['ros']
[0.191s] Level 1:colcon.colcon_core.package_identification:_identify(src/Tranform_Robot) by extension 'ros'
[0.192s] DEBUG:colcon.colcon_core.package_identification:Package 'src/Tranform_Robot' with type 'ros.ament_cmake' and name 'Tranform_Robot'
[0.193s] Level 1:colcon.colcon_core.package_discovery:discover_packages(recursive) using defaults
[0.193s] Level 1:colcon.colcon_core.package_discovery:discover_packages(ignore) discover
[0.193s] Level 1:colcon.colcon_core.package_discovery:discover_packages(ignore) using defaults
[0.193s] Level 1:colcon.colcon_core.package_discovery:discover_packages(path) discover
[0.193s] Level 1:colcon.colcon_core.package_discovery:discover_packages(path) using defaults
[0.213s] Level 1:colcon.colcon_core.package_discovery:discover_packages(prefix_path) check parameters
[0.213s] Level 1:colcon.colcon_core.package_discovery:discover_packages(prefix_path) discover
[0.214s] DEBUG:colcon.colcon_installed_package_information.package_discovery:Found 0 installed packages in /home/tadtawan/MiniCarver/install
[0.214s] DEBUG:colcon.colcon_installed_package_information.package_discovery:Found 13 installed packages in /home/tadtawan/fra532_lecture5_ws/install
[0.215s] DEBUG:colcon.colcon_installed_package_information.package_discovery:Found 1 installed packages in /home/tadtawan/install
[0.215s] DEBUG:colcon.colcon_installed_package_information.package_discovery:Found 1 installed packages in /home/tadtawan/aws-robomaker-small-warehouse-world/install
[0.216s] DEBUG:colcon.colcon_installed_package_information.package_discovery:Found 383 installed packages in /opt/ros/humble
[0.217s] Level 1:colcon.colcon_core.package_discovery:discover_packages(prefix_path) using defaults
[0.246s] Level 5:colcon.colcon_core.verb:set package 'Tranform_Robot' build argument 'cmake_args' from command line to 'None'
[0.246s] Level 5:colcon.colcon_core.verb:set package 'Tranform_Robot' build argument 'cmake_target' from command line to 'None'
[0.246s] Level 5:colcon.colcon_core.verb:set package 'Tranform_Robot' build argument 'cmake_target_skip_unavailable' from command line to 'False'
[0.246s] Level 5:colcon.colcon_core.verb:set package 'Tranform_Robot' build argument 'cmake_clean_cache' from command line to 'False'
[0.246s] Level 5:colcon.colcon_core.verb:set package 'Tranform_Robot' build argument 'cmake_clean_first' from command line to 'False'
[0.246s] Level 5:colcon.colcon_core.verb:set package 'Tranform_Robot' build argument 'cmake_force_configure' from command line to 'False'
[0.246s] Level 5:colcon.colcon_core.verb:set package 'Tranform_Robot' build argument 'ament_cmake_args' from command line to 'None'
[0.246s] Level 5:colcon.colcon_core.verb:set package 'Tranform_Robot' build argument 'catkin_cmake_args' from command line to 'None'
[0.246s] Level 5:colcon.colcon_core.verb:set package 'Tranform_Robot' build argument 'catkin_skip_building_tests' from command line to 'False'
[0.246s] DEBUG:colcon.colcon_core.verb:Building package 'Tranform_Robot' with the following arguments: {'ament_cmake_args': None, 'build_base': '/home/tadtawan/MiniCarver/build/Tranform_Robot', 'catkin_cmake_args': None, 'catkin_skip_building_tests': False, 'cmake_args': None, 'cmake_clean_cache': False, 'cmake_clean_first': False, 'cmake_force_configure': False, 'cmake_target': None, 'cmake_target_skip_unavailable': False, 'install_base': '/home/tadtawan/MiniCarver/install/Tranform_Robot', 'merge_install': False, 'path': '/home/tadtawan/MiniCarver/src/Tranform_Robot', 'symlink_install': False, 'test_result_base': None}
[0.247s] INFO:colcon.colcon_core.executor:Executing jobs using 'parallel' executor
[0.248s] DEBUG:colcon.colcon_parallel_executor.executor.parallel:run_until_complete
[0.248s] INFO:colcon.colcon_ros.task.ament_cmake.build:Building ROS package in '/home/tadtawan/MiniCarver/src/Tranform_Robot' with build type 'ament_cmake'
[0.248s] INFO:colcon.colcon_cmake.task.cmake.build:Building CMake package in '/home/tadtawan/MiniCarver/src/Tranform_Robot'
[0.249s] INFO:colcon.colcon_core.plugin_system:Skipping extension 'colcon_core.shell.bat': Not used on non-Windows systems
[0.249s] INFO:colcon.colcon_core.shell:Skip shell extension 'powershell' for command environment: Not usable outside of PowerShell
[0.249s] DEBUG:colcon.colcon_core.shell:Skip shell extension 'dsv' for command environment
[0.256s] DEBUG:colcon.colcon_core.event_handler.log_command:Invoking command in '/home/tadtawan/MiniCarver/build/Tranform_Robot': CMAKE_PREFIX_PATH=${CMAKE_PREFIX_PATH}:/home/tadtawan/fra532_lecture5_ws/install/mir_driver:/home/tadtawan/fra532_lecture5_ws/install/twist_stamper:/home/tadtawan/fra532_lecture5_ws/install/mir_restapi:/opt/ros/humble /usr/bin/cmake /home/tadtawan/MiniCarver/src/Tranform_Robot -DCMAKE_INSTALL_PREFIX=/home/tadtawan/MiniCarver/install/Tranform_Robot
[1.177s] DEBUG:colcon.colcon_core.event_handler.log_command:Invoked command in '/home/tadtawan/MiniCarver/build/Tranform_Robot' returned '0': CMAKE_PREFIX_PATH=${CMAKE_PREFIX_PATH}:/home/tadtawan/fra532_lecture5_ws/install/mir_driver:/home/tadtawan/fra532_lecture5_ws/install/twist_stamper:/home/tadtawan/fra532_lecture5_ws/install/mir_restapi:/opt/ros/humble /usr/bin/cmake /home/tadtawan/MiniCarver/src/Tranform_Robot -DCMAKE_INSTALL_PREFIX=/home/tadtawan/MiniCarver/install/Tranform_Robot
[1.178s] DEBUG:colcon.colcon_core.event_handler.log_command:Invoking command in '/home/tadtawan/MiniCarver/build/Tranform_Robot': CMAKE_PREFIX_PATH=${CMAKE_PREFIX_PATH}:/home/tadtawan/fra532_lecture5_ws/install/mir_driver:/home/tadtawan/fra532_lecture5_ws/install/twist_stamper:/home/tadtawan/fra532_lecture5_ws/install/mir_restapi:/opt/ros/humble /usr/bin/cmake --build /home/tadtawan/MiniCarver/build/Tranform_Robot -- -j16 -l16
[1.717s] DEBUG:colcon.colcon_core.event_handler.log_command:Invoked command in '/home/tadtawan/MiniCarver/build/Tranform_Robot' returned '0': CMAKE_PREFIX_PATH=${CMAKE_PREFIX_PATH}:/home/tadtawan/fra532_lecture5_ws/install/mir_driver:/home/tadtawan/fra532_lecture5_ws/install/twist_stamper:/home/tadtawan/fra532_lecture5_ws/install/mir_restapi:/opt/ros/humble /usr/bin/cmake --build /home/tadtawan/MiniCarver/build/Tranform_Robot -- -j16 -l16
[1.724s] DEBUG:colcon.colcon_core.event_handler.log_command:Invoking command in '/home/tadtawan/MiniCarver/build/Tranform_Robot': CMAKE_PREFIX_PATH=${CMAKE_PREFIX_PATH}:/home/tadtawan/fra532_lecture5_ws/install/mir_driver:/home/tadtawan/fra532_lecture5_ws/install/twist_stamper:/home/tadtawan/fra532_lecture5_ws/install/mir_restapi:/opt/ros/humble /usr/bin/cmake --install /home/tadtawan/MiniCarver/build/Tranform_Robot
[1.763s] Level 1:colcon.colcon_core.environment:create_environment_scripts_only(Tranform_Robot)
[1.764s] DEBUG:colcon.colcon_core.event_handler.log_command:Invoked command in '/home/tadtawan/MiniCarver/build/Tranform_Robot' returned '0': CMAKE_PREFIX_PATH=${CMAKE_PREFIX_PATH}:/home/tadtawan/fra532_lecture5_ws/install/mir_driver:/home/tadtawan/fra532_lecture5_ws/install/twist_stamper:/home/tadtawan/fra532_lecture5_ws/install/mir_restapi:/opt/ros/humble /usr/bin/cmake --install /home/tadtawan/MiniCarver/build/Tranform_Robot
[1.765s] Level 1:colcon.colcon_core.environment:checking '/home/tadtawan/MiniCarver/install/Tranform_Robot' for CMake module files
[1.766s] Level 1:colcon.colcon_core.environment:checking '/home/tadtawan/MiniCarver/install/Tranform_Robot' for CMake config files
[1.766s] Level 1:colcon.colcon_core.shell:create_environment_hook('Tranform_Robot', 'cmake_prefix_path')
[1.766s] INFO:colcon.colcon_core.shell:Creating environment hook '/home/tadtawan/MiniCarver/install/Tranform_Robot/share/Tranform_Robot/hook/cmake_prefix_path.ps1'
[1.767s] INFO:colcon.colcon_core.shell:Creating environment descriptor '/home/tadtawan/MiniCarver/install/Tranform_Robot/share/Tranform_Robot/hook/cmake_prefix_path.dsv'
[1.768s] INFO:colcon.colcon_core.shell:Creating environment hook '/home/tadtawan/MiniCarver/install/Tranform_Robot/share/Tranform_Robot/hook/cmake_prefix_path.sh'
[1.768s] Level 1:colcon.colcon_core.environment:checking '/home/tadtawan/MiniCarver/install/Tranform_Robot/lib'
[1.769s] Level 1:colcon.colcon_core.environment:checking '/home/tadtawan/MiniCarver/install/Tranform_Robot/bin'
[1.769s] Level 1:colcon.colcon_core.environment:checking '/home/tadtawan/MiniCarver/install/Tranform_Robot/lib/pkgconfig/Tranform_Robot.pc'
[1.769s] Level 1:colcon.colcon_core.environment:checking '/home/tadtawan/MiniCarver/install/Tranform_Robot/lib/python3.10/site-packages'
[1.769s] Level 1:colcon.colcon_core.environment:checking '/home/tadtawan/MiniCarver/install/Tranform_Robot/bin'
[1.769s] INFO:colcon.colcon_core.shell:Creating package script '/home/tadtawan/MiniCarver/install/Tranform_Robot/share/Tranform_Robot/package.ps1'
[1.770s] INFO:colcon.colcon_core.shell:Creating package descriptor '/home/tadtawan/MiniCarver/install/Tranform_Robot/share/Tranform_Robot/package.dsv'
[1.770s] INFO:colcon.colcon_core.shell:Creating package script '/home/tadtawan/MiniCarver/install/Tranform_Robot/share/Tranform_Robot/package.sh'
[1.770s] INFO:colcon.colcon_core.shell:Creating package script '/home/tadtawan/MiniCarver/install/Tranform_Robot/share/Tranform_Robot/package.bash'
[1.771s] INFO:colcon.colcon_core.shell:Creating package script '/home/tadtawan/MiniCarver/install/Tranform_Robot/share/Tranform_Robot/package.zsh'
[1.771s] Level 1:colcon.colcon_core.environment:create_file_with_runtime_dependencies(/home/tadtawan/MiniCarver/install/Tranform_Robot/share/colcon-core/packages/Tranform_Robot)
[1.771s] Level 1:colcon.colcon_core.environment:create_environment_scripts_only(Tranform_Robot)
[1.771s] Level 1:colcon.colcon_core.environment:checking '/home/tadtawan/MiniCarver/install/Tranform_Robot' for CMake module files
[1.772s] Level 1:colcon.colcon_core.environment:checking '/home/tadtawan/MiniCarver/install/Tranform_Robot' for CMake config files
[1.772s] Level 1:colcon.colcon_core.shell:create_environment_hook('Tranform_Robot', 'cmake_prefix_path')
[1.772s] INFO:colcon.colcon_core.shell:Creating environment hook '/home/tadtawan/MiniCarver/install/Tranform_Robot/share/Tranform_Robot/hook/cmake_prefix_path.ps1'
[1.772s] INFO:colcon.colcon_core.shell:Creating environment descriptor '/home/tadtawan/MiniCarver/install/Tranform_Robot/share/Tranform_Robot/hook/cmake_prefix_path.dsv'
[1.773s] INFO:colcon.colcon_core.shell:Creating environment hook '/home/tadtawan/MiniCarver/install/Tranform_Robot/share/Tranform_Robot/hook/cmake_prefix_path.sh'
[1.773s] Level 1:colcon.colcon_core.environment:checking '/home/tadtawan/MiniCarver/install/Tranform_Robot/lib'
[1.773s] Level 1:colcon.colcon_core.environment:checking '/home/tadtawan/MiniCarver/install/Tranform_Robot/bin'
[1.773s] Level 1:colcon.colcon_core.environment:checking '/home/tadtawan/MiniCarver/install/Tranform_Robot/lib/pkgconfig/Tranform_Robot.pc'
[1.773s] Level 1:colcon.colcon_core.environment:checking '/home/tadtawan/MiniCarver/install/Tranform_Robot/lib/python3.10/site-packages'
[1.773s] Level 1:colcon.colcon_core.environment:checking '/home/tadtawan/MiniCarver/install/Tranform_Robot/bin'
[1.774s] INFO:colcon.colcon_core.shell:Creating package script '/home/tadtawan/MiniCarver/install/Tranform_Robot/share/Tranform_Robot/package.ps1'
[1.774s] INFO:colcon.colcon_core.shell:Creating package descriptor '/home/tadtawan/MiniCarver/install/Tranform_Robot/share/Tranform_Robot/package.dsv'
[1.775s] INFO:colcon.colcon_core.shell:Creating package script '/home/tadtawan/MiniCarver/install/Tranform_Robot/share/Tranform_Robot/package.sh'
[1.775s] INFO:colcon.colcon_core.shell:Creating package script '/home/tadtawan/MiniCarver/install/Tranform_Robot/share/Tranform_Robot/package.bash'
[1.775s] INFO:colcon.colcon_core.shell:Creating package script '/home/tadtawan/MiniCarver/install/Tranform_Robot/share/Tranform_Robot/package.zsh'
[1.775s] Level 1:colcon.colcon_core.environment:create_file_with_runtime_dependencies(/home/tadtawan/MiniCarver/install/Tranform_Robot/share/colcon-core/packages/Tranform_Robot)
[1.776s] DEBUG:colcon.colcon_parallel_executor.executor.parallel:closing loop
[1.776s] DEBUG:colcon.colcon_parallel_executor.executor.parallel:loop closed
[1.776s] DEBUG:colcon.colcon_parallel_executor.executor.parallel:run_until_complete finished with '0'
[1.776s] DEBUG:colcon.colcon_core.event_reactor:joining thread
[1.779s] INFO:colcon.colcon_core.plugin_system:Skipping extension 'colcon_notification.desktop_notification.terminal_notifier': Not used on non-Darwin systems
[1.779s] INFO:colcon.colcon_core.plugin_system:Skipping extension 'colcon_notification.desktop_notification.win32': Not used on non-Windows systems
[1.779s] INFO:colcon.colcon_notification.desktop_notification:Sending desktop notification using 'notify2'
[1.787s] DEBUG:colcon.colcon_core.event_reactor:joined thread
[1.787s] INFO:colcon.colcon_core.shell:Creating prefix script '/home/tadtawan/MiniCarver/install/local_setup.ps1'
[1.787s] INFO:colcon.colcon_core.shell:Creating prefix util module '/home/tadtawan/MiniCarver/install/_local_setup_util_ps1.py'
[1.788s] INFO:colcon.colcon_core.shell:Creating prefix chain script '/home/tadtawan/MiniCarver/install/setup.ps1'
[1.789s] INFO:colcon.colcon_core.shell:Creating prefix script '/home/tadtawan/MiniCarver/install/local_setup.sh'
[1.789s] INFO:colcon.colcon_core.shell:Creating prefix util module '/home/tadtawan/MiniCarver/install/_local_setup_util_sh.py'
[1.790s] INFO:colcon.colcon_core.shell:Creating prefix chain script '/home/tadtawan/MiniCarver/install/setup.sh'
[1.790s] INFO:colcon.colcon_core.shell:Creating prefix script '/home/tadtawan/MiniCarver/install/local_setup.bash'
[1.791s] INFO:colcon.colcon_core.shell:Creating prefix chain script '/home/tadtawan/MiniCarver/install/setup.bash'
[1.791s] INFO:colcon.colcon_core.shell:Creating prefix script '/home/tadtawan/MiniCarver/install/local_setup.zsh'
[1.792s] INFO:colcon.colcon_core.shell:Creating prefix chain script '/home/tadtawan/MiniCarver/install/setup.zsh'
