[0.008s] Invoking command in '/home/tadtawan/MiniCarver/build/Tranform_Robot': CMAKE_PREFIX_PATH=${CMAKE_PREFIX_PATH}:/home/tadtawan/fra532_lecture5_ws/install/mir_driver:/home/tadtawan/fra532_lecture5_ws/install/twist_stamper:/home/tadtawan/fra532_lecture5_ws/install/mir_restapi:/opt/ros/humble /usr/bin/cmake --build /home/tadtawan/MiniCarver/build/Tranform_Robot -- -j16 -l16
[0.040s] [100%] Built target cpp_node_test
[0.043s] [100%] Built target ament_cmake_python_copy_Tranform_Robot
[0.196s] running egg_info
[0.197s] writing Tranform_Robot.egg-info/PKG-INFO
[0.197s] writing dependency_links to Tranform_Robot.egg-info/dependency_links.txt
[0.197s] writing top-level names to Tranform_Robot.egg-info/top_level.txt
[0.198s] reading manifest file 'Tranform_Robot.egg-info/SOURCES.txt'
[0.199s] writing manifest file 'Tranform_Robot.egg-info/SOURCES.txt'
[0.215s] [100%] Built target ament_cmake_python_build_Tranform_Robot_egg
[0.222s] Invoked command in '/home/tadtawan/MiniCarver/build/Tranform_Robot' returned '0': CMAKE_PREFIX_PATH=${CMAKE_PREFIX_PATH}:/home/tadtawan/fra532_lecture5_ws/install/mir_driver:/home/tadtawan/fra532_lecture5_ws/install/twist_stamper:/home/tadtawan/fra532_lecture5_ws/install/mir_restapi:/opt/ros/humble /usr/bin/cmake --build /home/tadtawan/MiniCarver/build/Tranform_Robot -- -j16 -l16
[0.228s] Invoking command in '/home/tadtawan/MiniCarver/build/Tranform_Robot': CMAKE_PREFIX_PATH=${CMAKE_PREFIX_PATH}:/home/tadtawan/fra532_lecture5_ws/install/mir_driver:/home/tadtawan/fra532_lecture5_ws/install/twist_stamper:/home/tadtawan/fra532_lecture5_ws/install/mir_restapi:/opt/ros/humble /usr/bin/cmake --install /home/tadtawan/MiniCarver/build/Tranform_Robot
[0.233s] -- Install configuration: ""
[0.234s] -- Up-to-date: /home/tadtawan/MiniCarver/install/Tranform_Robot/share/Tranform_Robot/environment/pythonpath.sh
[0.234s] -- Up-to-date: /home/tadtawan/MiniCarver/install/Tranform_Robot/share/Tranform_Robot/environment/pythonpath.dsv
[0.234s] -- Up-to-date: /home/tadtawan/MiniCarver/install/Tranform_Robot/local/lib/python3.10/dist-packages/Tranform_Robot-0.0.0-py3.10.egg-info
[0.234s] -- Installing: /home/tadtawan/MiniCarver/install/Tranform_Robot/local/lib/python3.10/dist-packages/Tranform_Robot-0.0.0-py3.10.egg-info/top_level.txt
[0.234s] -- Installing: /home/tadtawan/MiniCarver/install/Tranform_Robot/local/lib/python3.10/dist-packages/Tranform_Robot-0.0.0-py3.10.egg-info/dependency_links.txt
[0.234s] -- Installing: /home/tadtawan/MiniCarver/install/Tranform_Robot/local/lib/python3.10/dist-packages/Tranform_Robot-0.0.0-py3.10.egg-info/SOURCES.txt
[0.234s] -- Installing: /home/tadtawan/MiniCarver/install/Tranform_Robot/local/lib/python3.10/dist-packages/Tranform_Robot-0.0.0-py3.10.egg-info/PKG-INFO
[0.234s] -- Up-to-date: /home/tadtawan/MiniCarver/install/Tranform_Robot/local/lib/python3.10/dist-packages/Tranform_Robot
[0.234s] -- Up-to-date: /home/tadtawan/MiniCarver/install/Tranform_Robot/local/lib/python3.10/dist-packages/Tranform_Robot/__init__.py
[0.234s] -- Up-to-date: /home/tadtawan/MiniCarver/install/Tranform_Robot/local/lib/python3.10/dist-packages/Tranform_Robot/dummy_module.py
[0.257s] Listing '/home/tadtawan/MiniCarver/install/Tranform_Robot/local/lib/python3.10/dist-packages/Tranform_Robot'...
[0.259s] -- Up-to-date: /home/tadtawan/MiniCarver/install/Tranform_Robot/lib/Tranform_Robot/dummy_script.py
[0.259s] -- Installing: /home/tadtawan/MiniCarver/install/Tranform_Robot/lib/Tranform_Robot/tranform_robot.py
[0.259s] -- Up-to-date: /home/tadtawan/MiniCarver/install/Tranform_Robot/lib/Tranform_Robot/cpp_node_test
[0.259s] -- Up-to-date: /home/tadtawan/MiniCarver/install/Tranform_Robot/share/Tranform_Robot
[0.259s] -- Up-to-date: /home/tadtawan/MiniCarver/install/Tranform_Robot/share/ament_index/resource_index/package_run_dependencies/Tranform_Robot
[0.259s] -- Up-to-date: /home/tadtawan/MiniCarver/install/Tranform_Robot/share/ament_index/resource_index/parent_prefix_path/Tranform_Robot
[0.259s] -- Up-to-date: /home/tadtawan/MiniCarver/install/Tranform_Robot/share/Tranform_Robot/environment/ament_prefix_path.sh
[0.259s] -- Up-to-date: /home/tadtawan/MiniCarver/install/Tranform_Robot/share/Tranform_Robot/environment/ament_prefix_path.dsv
[0.260s] -- Up-to-date: /home/tadtawan/MiniCarver/install/Tranform_Robot/share/Tranform_Robot/environment/path.sh
[0.260s] -- Up-to-date: /home/tadtawan/MiniCarver/install/Tranform_Robot/share/Tranform_Robot/environment/path.dsv
[0.260s] -- Up-to-date: /home/tadtawan/MiniCarver/install/Tranform_Robot/share/Tranform_Robot/local_setup.bash
[0.260s] -- Up-to-date: /home/tadtawan/MiniCarver/install/Tranform_Robot/share/Tranform_Robot/local_setup.sh
[0.260s] -- Up-to-date: /home/tadtawan/MiniCarver/install/Tranform_Robot/share/Tranform_Robot/local_setup.zsh
[0.260s] -- Up-to-date: /home/tadtawan/MiniCarver/install/Tranform_Robot/share/Tranform_Robot/local_setup.dsv
[0.260s] -- Installing: /home/tadtawan/MiniCarver/install/Tranform_Robot/share/Tranform_Robot/package.dsv
[0.260s] -- Up-to-date: /home/tadtawan/MiniCarver/install/Tranform_Robot/share/ament_index/resource_index/packages/Tranform_Robot
[0.260s] -- Up-to-date: /home/tadtawan/MiniCarver/install/Tranform_Robot/share/Tranform_Robot/cmake/Tranform_RobotConfig.cmake
[0.260s] -- Up-to-date: /home/tadtawan/MiniCarver/install/Tranform_Robot/share/Tranform_Robot/cmake/Tranform_RobotConfig-version.cmake
[0.260s] -- Up-to-date: /home/tadtawan/MiniCarver/install/Tranform_Robot/share/Tranform_Robot/package.xml
[0.261s] Invoked command in '/home/tadtawan/MiniCarver/build/Tranform_Robot' returned '0': CMAKE_PREFIX_PATH=${CMAKE_PREFIX_PATH}:/home/tadtawan/fra532_lecture5_ws/install/mir_driver:/home/tadtawan/fra532_lecture5_ws/install/twist_stamper:/home/tadtawan/fra532_lecture5_ws/install/mir_restapi:/opt/ros/humble /usr/bin/cmake --install /home/tadtawan/MiniCarver/build/Tranform_Robot
